[docs.python.org/3/tutorial/index.html]
[backblue.gif]
[fade.gif]
[index.html]
[docs.python.org/3/_static/pydoctheme.css]
[docs.python.org/3/_static/pygments.css]
[docs.python.org/3/_static/documentation_options.js]
[docs.python.org/3/_static/jquery.js]
[docs.python.org/3/_static/underscore.js]
[docs.python.org/3/_static/doctools.js]
[docs.python.org/3/_static/language_data.js]
[docs.python.org/3/_static/sidebar.js]
[docs.python.org/3/tutorial/appetite.html]
[docs.python.org/3/_static/py.png]
[docs.python.org/3/tutorial/index-2.html]
[docs.python.org/3/_static/copybutton.js]
[docs.python.org/3/_static/switchers.js]
[docs.python.org/3/tutorial/interpreter.html]
[docs.python.org/3/tutorial/controlflow.html]
[docs.python.org/3/tutorial/introduction.html]
[docs.python.org/3/tutorial/datastructures.html]
[docs.python.org/3/tutorial/modules.html]
[docs.python.org/3/tutorial/inputoutput.html]
[docs.python.org/3/tutorial/errors.html]
[docs.python.org/3/tutorial/classes.html]
[docs.python.org/3/tutorial/stdlib.html]
[docs.python.org/3/tutorial/stdlib2.html]
[docs.python.org/3/tutorial/venv.html]
[docs.python.org/3/tutorial/whatnow.html]
[docs.python.org/3/tutorial/interactive.html]
[docs.python.org/3/tutorial/floatingpoint.html]
[docs.python.org/3/tutorial/index.html]
[docs.python.org/3/tutorial/appendix.html]
[docs.python.org/3/_static/default.css]
[docs.python.org/3/_static/pydoctheme.css]
[docs.python.org/3/_static/pygments.css]
[docs.python.org/3/tutorial/appetite.html]
[docs.python.org/3/tutorial/index-2.html]
[docs.python.org/3/tutorial/interpreter.html]
[docs.python.org/3/tutorial/introduction.html]
[docs.python.org/3/tutorial/controlflow.html]
[docs.python.org/3/tutorial/datastructures.html]
[docs.python.org/3/tutorial/modules.html]
[docs.python.org/3/tutorial/inputoutput.html]
[docs.python.org/3/tutorial/errors.html]
[docs.python.org/3/tutorial/classes.html]
[docs.python.org/3/tutorial/stdlib.html]
[docs.python.org/3/tutorial/stdlib2.html]
[docs.python.org/3/tutorial/venv.html]
[docs.python.org/3/tutorial/whatnow.html]
[docs.python.org/3/tutorial/interactive.html]
[docs.python.org/3/tutorial/floatingpoint.html]
[docs.python.org/3/tutorial/appendix.html]
[docs.python.org/3/_static/classic.css]
[docs.python.org/3/_static/default.css]
[docs.python.org/3/_static/basic.css]
[docs.python.org/3/_static/classic.css]
[docs.python.org/3/_static/file.png]
[docs.python.org/3/_static/basic.css]
